
PROGRAM "C:\Users\ataylo86\OneDrive - Cal Poly\Mech Lab\Lab_3\bin\Project.abs"

*********************************************************************************************
TARGET SECTION
---------------------------------------------------------------------------------------------
Processor   : Freescale HC12
Memory Model: SMALL
File Format : ELF\DWARF 2.0
Linker      : SmartLinker V-5.0.40 Build 10203, Jul 23 2010

*********************************************************************************************
FILE SECTION
---------------------------------------------------------------------------------------------
main.asm.o                              Model: SMALL,         Lang: Assembler
Lib_Delay.asm.o (ME305LIBV3.0.lib)      Model: SMALL,         Lang: Assembler
Lib_Encoder.asm.o (ME305LIBV3.0.lib)    Model: SMALL,         Lang: Assembler
Lib_Keypad.asm.o (ME305LIBV3.0.lib)     Model: SMALL,         Lang: Assembler
Lib_LCD.asm.o (ME305LIBV3.0.lib)        Model: SMALL,         Lang: Assembler
Lib_Startup.asm.o (ME305LIBV3.0.lib)    Model: SMALL,         Lang: Assembler
Lib_Interface.asm.o (ME305LIBV3.0.lib)  Model: SMALL,         Lang: Assembler

*********************************************************************************************
STARTUP SECTION
---------------------------------------------------------------------------------------------
Entry point: 0xC000 (Entry)

*********************************************************************************************
SECTION-ALLOCATION SECTION
Section Name                    Size  Type     From       To       Segment
---------------------------------------------------------------------------------------------
.init                            227     R     0xC000     0xC0E2   ROM_C000
.stack                          1024   R/W     0x2000     0x23FF   RAM
.data                              7   R/W     0x2400     0x2406   RAM
LIBRARY_RAM                       35   R/W     0x1000     0x1022   LIBRAM
MyCode                           128     R     0x4000     0x407F   ROM_4000
Lib_Keypad                       117     R      0x800      0x874   EEPROM
Lib_Encoder                      177     R      0x875      0x925   EEPROM
Lib_LCD                          578     R      0x926      0xB67   EEPROM
Lib_Delay                         56     R      0xB68      0xB9F   EEPROM
main.asm__ORG00001                 2     R     0xFFFE     0xFFFF   .absSeg0
ME305LIBV3.0_Lib_Interface.asm__ORG00001          2     R     0xFFCE     0xFFCF   .absSeg1

Summary of section sizes per section type:
READ_ONLY (R):         507 (dec:     1287)
READ_WRITE (R/W):      42A (dec:     1066)

*********************************************************************************************
VECTOR-ALLOCATION SECTION
    Address     InitValue   InitFunction
---------------------------------------------------------------------------------------------

*********************************************************************************************
OBJECT-ALLOCATION SECTION
     Name               Module                 Addr   hSize   dSize     Ref    Section   RLIB
---------------------------------------------------------------------------------------------
MODULE:                 -- main.asm.o --
- PROCEDURES:
     main                                      4000      17      23       1   MyCode      
     buffer_loop                               4017      1C      28       0   MyCode      
     backspace                                 4033      19      25       0   MyCode      
     spin                                      404C       2       2       0   MyCode      
     MESSAGE                                   404E      18      24       1   MyCode      
     RESPONSE                                  4066      18      24       0   MyCode      
     BACKSPACE                                 407E       2       2       1   MyCode      
- VARIABLES:
     COUNT                                     2400       1       1       4   .data       
     BUFFER                                    2401       5       5       1   .data       
     INPUT                                     2406       1       1       0   .data       
     VAR00001                                  FFFE       2       2       0   .text       
MODULE:                 -- Lib_Delay.asm.o (ME305LIBV3.0.lib) --
- PROCEDURES:
     DELAY_MICRO                                B68       F      15       5   Lib_Delay   
     MICRO_Loop                                 B77       D      13       0   Lib_Delay   
     DELAY_MILLI                                B84       F      15       2   Lib_Delay   
     MILLI_Loop                                 B93       D      13       0   Lib_Delay   
- VARIABLES:
MODULE:                 -- Lib_Encoder.asm.o (ME305LIBV3.0.lib) --
- PROCEDURES:
     STARTUP_ENCODER                            875      51      81       0   Lib_Encoder 
     READ_ENCODER                               8C6      37      55       0   Lib_Encoder 
     DISABLE_ENCODER                            8FD      29      41       1   Lib_Encoder 
- VARIABLES:
MODULE:                 -- Lib_Keypad.asm.o (ME305LIBV3.0.lib) --
- PROCEDURES:
     INITKEY                                    800      35      53       1   Lib_Keypad  
     GETCHAR                                    835      10      16       1   Lib_Keypad  
     ISR_KEYPAD                                 845      1C      28       1   Lib_Keypad  
     VAR00001                                   861      14      20       1   Lib_Keypad  
- VARIABLES:
     KEYREADY                                  1000       1       1       0   LIBRARY_RAM 
     LCHARACTER                                1001       1       1       4   LIBRARY_RAM 
     LKEY_FLG                                  1002       1       1       3   LIBRARY_RAM 
MODULE:                 -- Lib_LCD.asm.o (ME305LIBV3.0.lib) --
- PROCEDURES:
     INITLCD                                    926      6F     111       1   Lib_LCD     
     LCD_RESET                                  995      19      25       3   Lib_LCD     
     LCD_WRITE                                  9AE      18      24       7   Lib_LCD     
     BF_TEST                                    9C6      14      20       0   Lib_LCD     
     LCD_READ                                   9DA      14      20       2   Lib_LCD     
     DISP_OFF                                   9EE       8       8       1   Lib_LCD     
     DISP_ON                                    9F6       8       8       1   Lib_LCD     
     CURSOR_ON                                  9FE       8       8       1   Lib_LCD     
     CURSOR_OFF                                 A06       1       1       0   Lib_LCD     
     SETADDR                                    A07       E      14      17   Lib_LCD     
     GETADDR                                    A15       C      12       4   Lib_LCD     
     CLRSCREEN                                  A21      1C      28       3   Lib_LCD     
     OUTCHAR_AT                                 A3D       3       3       0   Lib_LCD     
     OUTCHAR                                    A40       C      12       3   Lib_LCD     
     BS_HANDLE                                  A4C       C      12       0   Lib_LCD     
     OUTSTRING_AT                               A58       3       3       0   Lib_LCD     
     OUTSTRING                                  A5B       2       2      12   Lib_LCD     
     OUTLOOP                                    A5D       9       9       0   Lib_LCD     
     OUTEXIT                                    A66       3       3       0   Lib_LCD     
     LCDTEMPLATE                                A69      1E      30       0   Lib_LCD     
     UPDATELCD_L1                               A87      31      49       0   Lib_LCD     
     UPDATELCD_L2                               AB8      1B      27       0   Lib_LCD     
     INITMESS_L1                                AD3      27      39       1   Lib_LCD     
     INITMESS_L2                                AFA      28      40       1   Lib_LCD     
     LCDTEMPLATE_L1                             B22      29      41       1   Lib_LCD     
     LCDTEMPLATE_L2                             B4B      1D      29       1   Lib_LCD     
- VARIABLES:
     LVREF_BUF                                 1003       4       4       2   LIBRARY_RAM 
     LVREF_NULL                                1007       1       1       0   LIBRARY_RAM 
     LVACT_BUF                                 1008       4       4       2   LIBRARY_RAM 
     LVACT_NULL                                100C       1       1       0   LIBRARY_RAM 
     LERR_BUF                                  100D       4       4       2   LIBRARY_RAM 
     LERR_NULL                                 1011       1       1       0   LIBRARY_RAM 
     LEFF_BUF                                  1012       4       4       2   LIBRARY_RAM 
     LEFF_NULL                                 1016       1       1       0   LIBRARY_RAM 
     LKP_BUF                                   1017       5       5       2   LIBRARY_RAM 
     LKP_NULL                                  101C       1       1       0   LIBRARY_RAM 
     LKI_BUF                                   101D       5       5       2   LIBRARY_RAM 
     LKI_NULL                                  1022       1       1       0   LIBRARY_RAM 
MODULE:                 -- Lib_Startup.asm.o (ME305LIBV3.0.lib) --
- PROCEDURES:
     _Startup                                  C000      13      19       0   .init       
     Entry                                     C000       0       0       1   .init       
     STARTUP_PLL                               C013      20      32       1   .init       
     STARTUP_SPI0                              C033      45      69       1   .init       
     STARTUP_ATD1                              C078      1A      26       0   .init       
     STARTUP_PWM                               C092      1D      29       0   .init       
     STARTUP_IO                                C0AF      34      52       1   .init       
- VARIABLES:
- LABELS:
     __SEG_END_SSTACK                          2400       0       0       1               
MODULE:                 -- Lib_Interface.asm.o (ME305LIBV3.0.lib) --
- PROCEDURES:
- VARIABLES:
     VAR00035                                  FFCE       2       2       0   .text       

*********************************************************************************************
MODULE STATISTIC
  Name                                      Data   Code  Const
---------------------------------------------------------------------------------------------
  main.asm.o                                   7    128      2
  Lib_Delay.asm.o (ME305LIBV3.0.lib)           0     56      0
  Lib_Encoder.asm.o (ME305LIBV3.0.lib)         0    177      0
  Lib_Keypad.asm.o (ME305LIBV3.0.lib)          3    117      0
  Lib_LCD.asm.o (ME305LIBV3.0.lib)            32    578      0
  Lib_Startup.asm.o (ME305LIBV3.0.lib)         0    227      0
  Lib_Interface.asm.o (ME305LIBV3.0.lib)       0      0      2
  other                                     1024      0      0

*********************************************************************************************
SECTION USE IN OBJECT-ALLOCATION SECTION
---------------------------------------------------------------------------------------------
SECTION: ".text"
  VAR00035 VAR00001 
SECTION: ".data"
  COUNT BUFFER INPUT 
SECTION: ".init"
  Entry _Startup STARTUP_PLL STARTUP_SPI0 STARTUP_ATD1 STARTUP_PWM STARTUP_IO 
SECTION: "LIBRARY_RAM"
  KEYREADY LCHARACTER LKEY_FLG LVREF_BUF LVREF_NULL LVACT_BUF LVACT_NULL 
  LERR_BUF LERR_NULL LEFF_BUF LEFF_NULL LKP_BUF LKP_NULL LKI_BUF LKI_NULL 
SECTION: "MyCode"
  main buffer_loop backspace spin MESSAGE RESPONSE BACKSPACE 
SECTION: "Lib_Keypad"
  INITKEY GETCHAR ISR_KEYPAD VAR00001 
SECTION: "Lib_Encoder"
  STARTUP_ENCODER READ_ENCODER DISABLE_ENCODER 
SECTION: "Lib_LCD"
  INITLCD LCD_RESET LCD_WRITE BF_TEST LCD_READ DISP_OFF DISP_ON CURSOR_ON 
  CURSOR_OFF SETADDR GETADDR CLRSCREEN OUTCHAR_AT OUTCHAR BS_HANDLE 
  OUTSTRING_AT OUTSTRING OUTLOOP OUTEXIT LCDTEMPLATE UPDATELCD_L1 UPDATELCD_L2 
  INITMESS_L1 INITMESS_L2 LCDTEMPLATE_L1 LCDTEMPLATE_L2 
SECTION: "Lib_Delay"
  DELAY_MICRO MICRO_Loop DELAY_MILLI MILLI_Loop 

*********************************************************************************************
OBJECT LIST SORTED BY ADDRESS
     Name                                      Addr   hSize   dSize     Ref    Section   RLIB
---------------------------------------------------------------------------------------------
     INITKEY                                    800      35      53       1   Lib_Keypad  
     GETCHAR                                    835      10      16       1   Lib_Keypad  
     ISR_KEYPAD                                 845      1C      28       1   Lib_Keypad  
     VAR00001                                   861      14      20       1   Lib_Keypad  
     STARTUP_ENCODER                            875      51      81       0   Lib_Encoder 
     READ_ENCODER                               8C6      37      55       0   Lib_Encoder 
     DISABLE_ENCODER                            8FD      29      41       1   Lib_Encoder 
     INITLCD                                    926      6F     111       1   Lib_LCD     
     LCD_RESET                                  995      19      25       3   Lib_LCD     
     LCD_WRITE                                  9AE      18      24       7   Lib_LCD     
     BF_TEST                                    9C6      14      20       0   Lib_LCD     
     LCD_READ                                   9DA      14      20       2   Lib_LCD     
     DISP_OFF                                   9EE       8       8       1   Lib_LCD     
     DISP_ON                                    9F6       8       8       1   Lib_LCD     
     CURSOR_ON                                  9FE       8       8       1   Lib_LCD     
     CURSOR_OFF                                 A06       1       1       0   Lib_LCD     
     SETADDR                                    A07       E      14      17   Lib_LCD     
     GETADDR                                    A15       C      12       4   Lib_LCD     
     CLRSCREEN                                  A21      1C      28       3   Lib_LCD     
     OUTCHAR_AT                                 A3D       3       3       0   Lib_LCD     
     OUTCHAR                                    A40       C      12       3   Lib_LCD     
     BS_HANDLE                                  A4C       C      12       0   Lib_LCD     
     OUTSTRING_AT                               A58       3       3       0   Lib_LCD     
     OUTSTRING                                  A5B       2       2      12   Lib_LCD     
     OUTLOOP                                    A5D       9       9       0   Lib_LCD     
     OUTEXIT                                    A66       3       3       0   Lib_LCD     
     LCDTEMPLATE                                A69      1E      30       0   Lib_LCD     
     UPDATELCD_L1                               A87      31      49       0   Lib_LCD     
     UPDATELCD_L2                               AB8      1B      27       0   Lib_LCD     
     INITMESS_L1                                AD3      27      39       1   Lib_LCD     
     INITMESS_L2                                AFA      28      40       1   Lib_LCD     
     LCDTEMPLATE_L1                             B22      29      41       1   Lib_LCD     
     LCDTEMPLATE_L2                             B4B      1D      29       1   Lib_LCD     
     DELAY_MICRO                                B68       F      15       5   Lib_Delay   
     MICRO_Loop                                 B77       D      13       0   Lib_Delay   
     DELAY_MILLI                                B84       F      15       2   Lib_Delay   
     MILLI_Loop                                 B93       D      13       0   Lib_Delay   
     KEYREADY                                  1000       1       1       0   LIBRARY_RAM 
     LCHARACTER                                1001       1       1       4   LIBRARY_RAM 
     LKEY_FLG                                  1002       1       1       3   LIBRARY_RAM 
     LVREF_BUF                                 1003       4       4       2   LIBRARY_RAM 
     LVREF_NULL                                1007       1       1       0   LIBRARY_RAM 
     LVACT_BUF                                 1008       4       4       2   LIBRARY_RAM 
     LVACT_NULL                                100C       1       1       0   LIBRARY_RAM 
     LERR_BUF                                  100D       4       4       2   LIBRARY_RAM 
     LERR_NULL                                 1011       1       1       0   LIBRARY_RAM 
     LEFF_BUF                                  1012       4       4       2   LIBRARY_RAM 
     LEFF_NULL                                 1016       1       1       0   LIBRARY_RAM 
     LKP_BUF                                   1017       5       5       2   LIBRARY_RAM 
     LKP_NULL                                  101C       1       1       0   LIBRARY_RAM 
     LKI_BUF                                   101D       5       5       2   LIBRARY_RAM 
     LKI_NULL                                  1022       1       1       0   LIBRARY_RAM 
     COUNT                                     2400       1       1       4   .data       
     BUFFER                                    2401       5       5       1   .data       
     INPUT                                     2406       1       1       0   .data       
     main                                      4000      17      23       1   MyCode      
     buffer_loop                               4017      1C      28       0   MyCode      
     backspace                                 4033      19      25       0   MyCode      
     spin                                      404C       2       2       0   MyCode      
     MESSAGE                                   404E      18      24       1   MyCode      
     RESPONSE                                  4066      18      24       0   MyCode      
     BACKSPACE                                 407E       2       2       1   MyCode      
     Entry                                     C000       0       0       1   .init       
     _Startup                                  C000      13      19       0   .init       
     STARTUP_PLL                               C013      20      32       1   .init       
     STARTUP_SPI0                              C033      45      69       1   .init       
     STARTUP_ATD1                              C078      1A      26       0   .init       
     STARTUP_PWM                               C092      1D      29       0   .init       
     STARTUP_IO                                C0AF      34      52       1   .init       
     VAR00035                                  FFCE       2       2       0   .text       
     VAR00001                                  FFFE       2       2       0   .text       

*********************************************************************************************
UNUSED-OBJECTS SECTION
---------------------------------------------------------------------------------------------
NOT USED PROCEDURES
Lib_Interface.asm.o (ME305LIBV3.0.lib):
  IFENTRY Loop TASK_1 jumptable_1 VAR00001 VAR00002 t1state0 t1state1 TASK_2 
  jumptable_2 VAR00003 VAR00004 VAR00005 VAR00006 VAR00007 VAR00008 VAR00009 
  VAR00010 VAR00011 VAR00012 VAR00013 VAR00014 VAR00015 VAR00016 VAR00017 
  t2state0 t2s0a t2state1 t2s1a t2s1b t2s1c t2s1d t2s1e t2s1f t2s1g t2s1h t2s1i 
  t2s1j t2s1k t2s1l exit_t2s1 t2state2 exit_t2s2 t2state3 exit_t2s3 t2state4 
  t2s4a t2s4b exit_t2s4 t2state5 t2s5a t2s5b t2s5c t2s5d t2s5e t2s5f exit_t2s5 
  t2state6 exit_t2s6 t2state7 t2state8 exit_t2s8 t2state9 exit_t2s9 t2stateA 
  t2sAa exit_t2sA t2stateB t2sBa exit_t2sB t2stateC t2sC1 t2sC2 exit_t2sC 
  t2stateD t2sDa t2sDb t2sDc t2sDd t2sDe t2sDf t2sDg exit_t2sD t2stateE TASK_3 
  jumptable_3 VAR00018 VAR00019 VAR00020 t3state0 t3state1 t3s1a t3state2 t3s2a 
  TASK_4 jumptable_4 VAR00021 VAR00022 VAR00023 VAR00024 VAR00025 VAR00026 
  VAR00027 VAR00028 VAR00029 VAR00030 VAR00031 VAR00032 VAR00033 VAR00034 
  t4state0 t4state1 t4s1a t4s1b t4s1c t4s1d t4s1e t4s1f t4s1g t4s1h t4s1i t4s1j 
  t4s1k t4s1l t4state2 t4state3 t4s3a t4s3b t4state4 t4state5 t4state6 t4state7 
  t4state8 t4state9 t4stateA t4sAa t4sAb t4stateB t4sBa t4sBb t4stateC t4sCa 
  t4sCb t4stateD SM_BUF_blank LG_BUF_blank ASCII_2_Bin conv_loop conv_done 
  TOO_LARGE exit_ASCII_2_Bin Bin_2_ASCII con_loop con_top unstack_loop con_end 
  VREF_PRMPT BSPACE_FM BLANK4 BLANK5 BLANK13 BLANK27 L2_TEMPLATE RUN_MESS 
  STP_MESS CL_MESS OL_MESS D_ON_MESS D_OFF_MESS 
NOT USED VARIABLES
Lib_Interface.asm.o (ME305LIBV3.0.lib):
  V_entry KP_entry KI_entry NEG_FLG SIGN_FLG DISP_ON V_act Kscale ERR EFF ESUM 
  V_act_DISP ERR_DISP EFF_DISP UPDATE_FLG2 KEY_BUF KEY_FLG INTERVAL COUNT 
  BUFFER t1state t2state t3state t4state t5state t6state ECHO ECHO_SIGN B_SPACE 
  V_ref_prep KP_prep KI_prep update_L1 update_L2 D_RUN D_LOOP D_DISP D_HCUR 
  MOTOR_POWER P_POWER I_POWER CURRENT 

*********************************************************************************************
COPYDOWN SECTION
---------------------------------------------------------------------------------------------

*********************************************************************************************
OBJECT-DEPENDENCIES SECTION
---------------------------------------------------------------------------------------------
INITKEY                   USES LCHARACTER LKEY_FLG 
GETCHAR                   USES LCHARACTER LKEY_FLG 
ISR_KEYPAD                USES VAR00001 LCHARACTER LKEY_FLG 
INITLCD                   USES LVREF_BUF LVACT_BUF LERR_BUF LEFF_BUF LKI_BUF 
                                LKP_BUF LCD_RESET DELAY_MICRO LCD_WRITE DISP_OFF 
                                CLRSCREEN DISP_ON SETADDR INITMESS_L1 OUTSTRING 
                                INITMESS_L2 DELAY_MILLI 
BF_TEST                   USES LCD_READ DELAY_MICRO 
DISP_OFF                  USES LCD_WRITE 
DISP_ON                   USES LCD_WRITE 
CURSOR_ON                 USES LCD_WRITE 
SETADDR                   USES LCD_WRITE 
GETADDR                   USES LCD_READ 
CLRSCREEN                 USES LCD_WRITE GETADDR SETADDR OUTCHAR 
OUTCHAR_AT                USES SETADDR 
OUTCHAR                   USES LCD_WRITE 
BS_HANDLE                 USES GETADDR SETADDR 
OUTSTRING_AT              USES SETADDR 
OUTLOOP                   USES OUTCHAR 
LCDTEMPLATE               USES CLRSCREEN SETADDR LCDTEMPLATE_L1 OUTSTRING 
                                LCDTEMPLATE_L2 
UPDATELCD_L1              USES SETADDR LVREF_BUF OUTSTRING LVACT_BUF LERR_BUF 
                                LEFF_BUF 
UPDATELCD_L2              USES SETADDR LKP_BUF OUTSTRING LKI_BUF 
main                      USES INITLCD MESSAGE OUTSTRING INITKEY CURSOR_ON 
                                COUNT BUFFER 
buffer_loop               USES COUNT GETCHAR OUTCHAR 
backspace                 USES GETADDR SETADDR BACKSPACE OUTSTRING COUNT 
_Startup                  USES __SEG_END_SSTACK STARTUP_PLL STARTUP_IO 
                                STARTUP_SPI0 DISABLE_ENCODER main 
STARTUP_SPI0              USES DELAY_MILLI 
STARTUP_ATD1              USES DELAY_MICRO 

*********************************************************************************************
DEPENDENCY TREE
*********************************************************************************************
 main and _Startup Group
 | 
 +- main                
 |  | 
 |  +- INITLCD             
 |  |  | 
 |  |  +- LCD_RESET           
 |  |  |    
 |  |  +- DELAY_MICRO         
 |  |  |    
 |  |  +- LCD_WRITE           
 |  |  |    
 |  |  +- DISP_OFF            
 |  |  |  | 
 |  |  |  +- LCD_WRITE            (see above)
 |  |  |     
 |  |  +- CLRSCREEN           
 |  |  |  | 
 |  |  |  +- LCD_WRITE            (see above)
 |  |  |  |  
 |  |  |  +- GETADDR             
 |  |  |  |  | 
 |  |  |  |  +- LCD_READ            
 |  |  |  |       
 |  |  |  +- SETADDR             
 |  |  |  |  | 
 |  |  |  |  +- LCD_WRITE            (see above)
 |  |  |  |     
 |  |  |  +- OUTCHAR             
 |  |  |     | 
 |  |  |     +- LCD_WRITE            (see above)
 |  |  |        
 |  |  +- DISP_ON             
 |  |  |  | 
 |  |  |  +- LCD_WRITE            (see above)
 |  |  |     
 |  |  +- SETADDR              (see above)
 |  |  |  
 |  |  +- INITMESS_L1         
 |  |  |    
 |  |  +- OUTSTRING           
 |  |  |    
 |  |  +- INITMESS_L2         
 |  |  |    
 |  |  +- DELAY_MILLI         
 |  |       
 |  +- MESSAGE             
 |  |    
 |  +- OUTSTRING            (see above)
 |  |  
 |  +- INITKEY             
 |  |    
 |  +- CURSOR_ON           
 |     | 
 |     +- LCD_WRITE            (see above)
 |        
 +- Entry               
      
 _ORG00001           
 | 
 +- Entry                (see above)
    
 _ORG00001           
 | 
 +- ISR_KEYPAD          
    | 
    +- VAR00001            
         
*********************************************************************************************
STATISTIC SECTION
---------------------------------------------------------------------------------------------

ExeFile:
--------
Number of blocks to be downloaded: 8
Total size of all blocks to be downloaded: 1287

